// Jest Snapshot v1, https://goo.gl/fbAQLP

exports[`Home page matches snapshot 1`] = `
<DocumentFragment>
  <div
    class="jsx-2250570153 container"
  >
    <main
      class="jsx-2250570153"
    >
      <h1
        class="jsx-2250570153 title"
      >
        Welcome to TDD Books!
      </h1>
      <p
        class="jsx-2250570153 description"
      />
      <button
        class="jsx-2250570153"
      >
        Test Button
      </button>
    </main>
    <footer
      class="jsx-2250570153"
    >
      Powered by â˜• , ðŸŽ§, , ðŸ¤“
    </footer>
  </div>
</DocumentFragment>
`;
